// Jest Snapshot v1, https://goo.gl/fbAQLP

exports[`Questionnaires container renders without crashing 1`] = `
<QuestionnairesContainer
  fetchQuestionnaires={
    [MockFunction] {
      "calls": Array [
        Array [],
      ],
      "results": Array [
        Object {
          "type": "return",
          "value": undefined,
        },
      ],
    }
  }
  isLoading={true}
  match={
    Object {
      "url": "/questionnaires",
    }
  }
  store={
    Object {
      "clearActions": [Function],
      "dispatch": [Function],
      "getActions": [Function],
      "getState": [Function],
      "replaceReducer": [Function],
      "subscribe": [Function],
    }
  }
>
  <Loading>
    <div
      className="loading-screen"
    >
      <img
        alt="loadig"
        id="loading"
        src="https://tools.cisco.com/security/center/Resources/images/loader.gif"
      />
    </div>
  </Loading>
</QuestionnairesContainer>
`;

exports[`Questionnaires container when questionnaires data is available renders Questionnaires component 1`] = `
<Questionnaires
  questionnaires={
    Object {
      "1": Object {
        "created_at": "2017-08-15T18:24:26.586Z",
        "id": 1,
        "title": "Lord of the Rings",
        "updated_at": "2017-08-15T18:24:26.586Z",
      },
    }
  }
  url="/questionnaires"
/>
`;

exports[`Questionnaires container when questionnaires data is available renders self with questionnaires props 1`] = `
<QuestionnairesContainer
  fetchQuestionnaires={[Function]}
  isLoading={false}
  questionnaires={
    Object {
      "1": Object {
        "created_at": "2017-08-15T18:24:26.586Z",
        "id": 1,
        "title": "Lord of the Rings",
        "updated_at": "2017-08-15T18:24:26.586Z",
      },
    }
  }
  store={
    Object {
      "clearActions": [Function],
      "dispatch": [Function],
      "getActions": [Function],
      "getState": [Function],
      "replaceReducer": [Function],
      "subscribe": [Function],
    }
  }
  storeSubscription={
    Subscription {
      "listeners": Object {
        "notify": [Function],
      },
      "onStateChange": [Function],
      "parentSub": undefined,
      "store": Object {
        "clearActions": [Function],
        "dispatch": [Function],
        "getActions": [Function],
        "getState": [Function],
        "replaceReducer": [Function],
        "subscribe": [Function],
      },
      "unsubscribe": null,
    }
  }
/>
`;
