// Jest Snapshot v1, https://goo.gl/fbAQLP

exports[`QuestionnaireForm renders self without crashing 1`] = `
<div>
  <div
    className="form-group"
  >
    <button
      className="btn btn-outline-info btn-lg"
      onClick={[Function]}
      type="button"
    >
      Add Question
    </button>
  </div>
</div>
`;
