// Jest Snapshot v1, https://goo.gl/fbAQLP

exports[`AnswersTable component renders self with questions and answers props 1`] = `
<div>
  <table
    className="table table-striped table-bordered table-responsive"
  >
    <thead
      className="thead-inverse"
    >
      <tr>
        <th>
          #
        </th>
        <th>
          Username
        </th>
        <th>
          Ragdoll traits
        </th>
        <th>
          Persian traits
        </th>
        <th>
          Date
        </th>
      </tr>
    </thead>
    <tbody>
      <tr>
        <th
          scope="row"
        >
          1
        </th>
        <td>
          user1
        </td>
        <td>
          Pellentesque in ipsum id orci porta dapibus.
        </td>
        <td>
          Vivamus suscipit tortor eget felis porttitor.
        </td>
        <td>
          Thu Aug 17 2017
        </td>
      </tr>
    </tbody>
  </table>
</div>
`;
