// Jest Snapshot v1, https://goo.gl/fbAQLP

exports[`Field component renders an input field 1`] = `
<div
  className="form-group "
>
  <label
    className="form-control-label"
  >
    field testing
  </label>
  <input
    className="form-control"
    placeholder="field testing"
    type="text"
  />
  <div
    className="text-help"
  />
</div>
`;
