// Jest Snapshot v1, https://goo.gl/fbAQLP

exports[`AdminQuestionnaire container when questionnaires data is available renders the AdminQuestionnairesHeader 1`] = `<AdminQuestionnairesHeader />`;

exports[`AdminQuestionnaire container when questionnaires data is available renders the QuestionnairesList 1`] = `
<QuestionnairesList
  isAdminPage={true}
  questionnaires={
    Object {
      "1": Object {
        "id": 1,
        "title": "Cat breeds",
      },
      "2": Object {
        "id": 2,
        "title": "Cat breeds Questionnaire Part 2",
      },
    }
  }
  url="/admin/questionnaires"
/>
`;
